---
source: crates/phactory/src/system/mod.rs
expression: contracts.len()

---
1
