---
source: crates/pink/pink-extension/src/lib.rs
expression: "super::PinkEvent::event_topic()"

---
[
    64,
    112,
    104,
    97,
    108,
    97,
    46,
    112,
    105,
    110,
    107,
    46,
    101,
    118,
    101,
    110,
    116,
    0,
    0,
    0,
    0,
    0,
    0,
    0,
    0,
    0,
    0,
    0,
    0,
    0,
    0,
    0,
]
