---
source: pallets/phala/src/test.rs
expression: take_events()
---
[
    RuntimeEvent::PhalaVault(
        Event::ForceShutdown {
            pid: 1,
            reason: Waiting3xGracePeriod,
        },
    ),
]
