---
source: crates/pink/tests/test_pink_contract.rs
expression: contract

---
Contract {
    address: b81c488581e2d18bdb886027d0b848b76f2376723c9b2fadf5ccc5b23a2ea038 (5GE751Bk...),
    hooks: HookSelectors {
        on_block_end: None,
    },
}
