---
source: crates/pink/tests/test_pink_contract.rs
expression: effects

---
ExecSideEffects {
    messages: [
        (
            ad25bb2fd8ea45a7a191bac0968e41eff75dc45efdf5cd66f1a179998521ce8b (5FyjMEiX...),
            Message(
                Message {
                    payload: [
                        102,
                        111,
                        111,
                    ],
                    topic: [
                        47,
                        98,
                        97,
                        114,
                    ],
                },
            ),
        ),
    ],
    instantiated: [],
}
